Microchip MPLAB XC8 Compiler V2.10 ()

Linker command line:

--edf=C:\Program Files (x86)\Microchip\xc8\v2.10\pic\dat\en_msgs.txt -cs \
  -h+dist/default/production\TRABALHO_FINAL.X.production.sym \
  --cmf=dist/default/production\TRABALHO_FINAL.X.production.cmf -z \
  -Q18F4550 -oC:\Users\chris\AppData\Local\Temp\s7ns.2 \
  -Mdist/default/production/TRABALHO_FINAL.X.production.map -E1 -ver=XC8 \
  -ASTACK=07Bh-07FFh -pstack=STACK -ACODE=00h-07FFFh -ACONST=00h-07FFFh \
  -ASMALLCONST=0800h-08FFhx120 -AMEDIUMCONST=0800h-07FFFh -ACOMRAM=01h-05Fh \
  -AABS1=00h-07FFh -ABIGRAM=01h-07FFh -ARAM=060h-0FFh,0100h-01FFhx7 \
  -ABANK0=060h-0FFh -ABANK1=0100h-01FFh -ABANK2=0200h-02FFh \
  -ABANK3=0300h-03FFh -ABANK4=0400h-04FFh -ABANK5=0500h-05FFh \
  -ABANK6=0600h-06FFh -ABANK7=0700h-07FFh -ASFR=0F60h-0FFFh \
  -preset_vec=00h,intcode=08h,intcodelo,powerup,init -pramtop=0800h \
  -psmallconst=SMALLCONST -pmediumconst=MEDIUMCONST -pconst=CONST \
  -AFARRAM=00h-00h -ACONFIG=0300000h-030000Dh -pconfig=CONFIG \
  -AIDLOC=0200000h-0200007h -pidloc=IDLOC -AEEDATA=0F00000h-0F000FFh \
  -peeprom_data=EEDATA \
  -prdata=COMRAM,nvrram=COMRAM,nvbit=COMRAM,rbss=COMRAM,rbit=COMRAM \
  -pfarbss=FARRAM,fardata=FARRAM,nvFARRAM=FARRAM \
  -pintsave_regs=BIGRAM,bigbss=BIGRAM,bigdata=BIGRAM -pbss=RAM \
  -pidata=CODE,irdata=CODE,ibigdata=CODE,ifardata=CODE -prparam=COMRAM \
  C:\Users\chris\AppData\Local\Temp\s7ns.obj \
  dist/default/production\TRABALHO_FINAL.X.production.obj 

Object code version is 3.11

Machine type is 18F4550

Call graph: (short form)




                Name                               Link     Load   Length Selector   Space Scale
C:\Users\chris\AppData\Local\Temp\s7ns.obj
                init                                  E        E        4        4       0
                reset_vec                             0        0        4        0       0
                idloc                            200000   200000        8   200000       0
                config                           300000   300000        E   300000       0
dist/default/production\TRABALHO_FINAL.X.production.obj
                intcode                               8        8        6        4       0
                temp                                 5B       5B        1        1       1
                intcode_body                        DB4      DB4       4E        4       0
                text17                              B26      B26       84        4       0
                text16                              A78      A78       AE        4       0
                text15                              E86      E86       38        4       0
                text14                              C2C      C2C       74        4       0
                text13                              7E6      7E6       F4        4       0
                text12                              EE0      EE0       22        4       0
                text11                              F02      F02        C        4       0
                text10                              8DA      8DA       D2        4       0
                text9                               BAA      BAA       82        4       0
                text8                               D10      D10       56        4       0
                text7                               47A      47A      218        4       0
                text6                               9AC      9AC       CC        4       0
                text5                                12       12      468        4       0
                text4                               EBE      EBE       22        4       0
                text3                               E02      E02       4C        4       0
                text2                               CA0      CA0       70        4       0
                text1                               D66      D66       4E        4       0
                text0                               692      692      154        4       0
                cstackCOMRAM                          1        1       58        1       1
                cstackBANK0                          74       74        4       60       1
                dataBANK0                            78       78        3       60       1
                bssBANK0                             60       60       14       60       1
                bssCOMRAM                            59       59        2        1       1
                cinit                               E4E      E4E       38        4       0
                idataBANK0                          F0E      F0E        3        4       0

TOTAL           Name                               Link     Load   Length     Space
        CLASS   STACK          

        CLASS   CODE           
                intcode                               8        8        6         0
                init                                  E        E        4         0
                reset_vec                             0        0        4         0
                intcode_body                        DB4      DB4       4E         0
                text17                              B26      B26       84         0
                text16                              A78      A78       AE         0
                text15                              E86      E86       38         0
                text14                              C2C      C2C       74         0
                text13                              7E6      7E6       F4         0
                text12                              EE0      EE0       22         0
                text11                              F02      F02        C         0
                text10                              8DA      8DA       D2         0
                text9                               BAA      BAA       82         0
                text8                               D10      D10       56         0
                text7                               47A      47A      218         0
                text6                               9AC      9AC       CC         0
                text5                                12       12      468         0
                text4                               EBE      EBE       22         0
                text3                               E02      E02       4C         0
                text2                               CA0      CA0       70         0
                text1                               D66      D66       4E         0
                text0                               692      692      154         0
                cinit                               E4E      E4E       38         0
                idataBANK0                          F0E      F0E        3         0

        CLASS   CONST          

        CLASS   SMALLCONST     

        CLASS   MEDIUMCONST    

        CLASS   COMRAM         
                temp                                 5B       5B        1         1
                cstackCOMRAM                          1        1       58         1
                bssCOMRAM                            59       59        2         1

        CLASS   ABS1           

        CLASS   BIGRAM         

        CLASS   RAM            

        CLASS   BANK0          
                cstackBANK0                          74       74        4         1
                dataBANK0                            78       78        3         1
                bssBANK0                             60       60       14         1

        CLASS   BANK1          

        CLASS   BANK2          

        CLASS   BANK3          

        CLASS   BANK4          

        CLASS   BANK5          

        CLASS   BANK6          

        CLASS   BANK7          

        CLASS   SFR            

        CLASS   FARRAM         

        CLASS   CONFIG         
                config                           300000   300000        E         0

        CLASS   IDLOC          
                idloc                            200000   200000        8         0

        CLASS   EEDATA         



SEGMENTS        Name                           Load    Length   Top    Selector   Space  Class

                reset_vec                      000000  000004  000004         0       0  CODE    
                cstackCOMRAM                   000001  00005B  00005C         1       1  COMRAM  
                intcode                        000008  000F09  000F11         4       0  CODE    
                bssBANK0                       000060  00001B  00007B        60       1  BANK0   
                idloc                          200000  000008  200008    200000       0  IDLOC   
                config                         300000  00000E  30000E    300000       0  CONFIG  


UNUSED ADDRESS RANGES

        Name                Unused          Largest block    Delta
        BANK0            00007B-0000FF               85
        BANK1            000100-0001FF              100
        BANK2            000200-0002FF              100
        BANK3            000300-0003FF              100
        BANK4            000400-0004FF              100
        BANK5            000500-0005FF              100
        BANK6            000600-0006FF              100
        BANK7            000700-0007FF              100
        BIGRAM           00005C-00005F                4
                         00007B-0007FF              785
        CODE             000004-000007                4
                         000F11-007FFF             70EF
        COMRAM           00005C-00005F                4
        CONST            000004-000007                4
                         000F11-007FFF             70EF
        EEDATA           F00000-F000FF              100
        MEDIUMCONST      000F11-007FFF             70EF
        RAM              00007B-0007FF              100
        SFR              000F60-000FFF               A0
        SMALLCONST       000F11-007FFF              100
        STACK            00007B-0007FF              785

                                  Symbol Table

?___awdiv                      cstackCOMRAM 000002
?___awtoft                     cstackCOMRAM 00000A
?___ftmul                      cstackCOMRAM 00000A
?___ftpack                     cstackCOMRAM 000002
?___fttol                      cstackCOMRAM 000002
?___lldiv                      cstackCOMRAM 00001D
?___lmul                       cstackCOMRAM 000011
Play_Alarm_Emergency@f         cstackCOMRAM 000052
Play_Alarm_Emergency@f_571     cstackCOMRAM 000055
Play_Alarm_Emergency@f_573     cstackCOMRAM 00004C
Play_Alarm_Emergency@f_576     cstackCOMRAM 00004F
Play_Alarm_Emergency@i         cstackCOMRAM 000044
Play_Alarm_Emergency@i_570     cstackCOMRAM 000046
Play_Alarm_Emergency@i_572     cstackCOMRAM 000048
Play_Alarm_Emergency@i_575     cstackCOMRAM 00004A
_CCP1CONbits                   (abs)        000FBD
_CCP2CON                       (abs)        000FBA
_CCP2CONbits                   (abs)        000FBA
_CCPR1L                        (abs)        000FBE
_CCPR2L                        (abs)        000FBB
_INTCON                        (abs)        000FF2
_INTCON2                       (abs)        000FF1
_INTCON3                       (abs)        000FF0
_INTCON3bits                   (abs)        000FF0
_INTCONbits                    (abs)        000FF2
_LATAbits                      (abs)        000F89
_LATCbits                      (abs)        000F8B
_LATD                          (abs)        000F8C
_LATEbits                      (abs)        000F8D
_PR2                           (abs)        000FCB
_Play_Alarm_Emergency          text5        000012
_Play_Alarm_Gate               text4        000EBE
_T0CON                         (abs)        000FD5
_T0CONbits                     (abs)        000FD5
_T2CON                         (abs)        000FCA
_T2CONbits                     (abs)        000FCA
_TMR0                          (abs)        000FD6
_TMR2                          (abs)        000FCC
_TRISAbits                     (abs)        000F92
_TRISB                         (abs)        000F93
_TRISC                         (abs)        000F94
_TRISCbits                     (abs)        000F94
_TRISD                         (abs)        000F95
_TRISEbits                     (abs)        000F96
__CFG_CPUDIV$OSC1_PLL2         (abs)        000000
__CFG_FOSC$HS                  (abs)        000000
__CFG_LVP$OFF                  (abs)        000000
__CFG_MCLRE$ON                 (abs)        000000
__CFG_PBADEN$OFF               (abs)        000000
__CFG_PWRT$ON                  (abs)        000000
__CFG_WDT$OFF                  (abs)        000000
__CFG_XINST$OFF                (abs)        000000
__HRAM                         (abs)        000000
__Habs1                        abs1         000000
__Hbank0                       bank0        000000
__Hbank1                       bank1        000000
__Hbank2                       bank2        000000
__Hbank3                       bank3        000000
__Hbank4                       bank4        000000
__Hbank5                       bank5        000000
__Hbank6                       bank6        000000
__Hbank7                       bank7        000000
__Hbigbss                      bigbss       000000
__Hbigdata                     bigdata      000000
__Hbigram                      bigram       000000
__Hbss                         bss          000000
__HbssBANK0                    bssBANK0     000000
__HbssCOMRAM                   bssCOMRAM    000000
__Hcinit                       cinit        000000
__Hclrtext                     clrtext      000000
__Hcomram                      comram       000000
__Hconfig                      config       30000E
__Hconst                       const        000000
__HcstackBANK0                 cstackBANK0  000000
__HcstackCOMRAM                cstackCOMRAM 000000
__Hdata                        data         000000
__HdataBANK0                   dataBANK0    000000
__Heeprom_data                 eeprom_data  000000
__Hfarbss                      farbss       000000
__Hfardata                     fardata      000000
__Hibigdata                    ibigdata     000000
__Hidata                       idata        000000
__HidataBANK0                  idataBANK0   000000
__Hidloc                       idloc        200008
__Hifardata                    ifardata     000000
__Hinit                        init         000012
__Hintcode                     intcode      00000E
__Hintcode_body                intcode_body 000000
__Hintcodelo                   intcodelo    00000E
__Hintentry                    intentry     000000
__Hintret                      intret       000000
__Hintsave_regs                intsave_regs 000000
__Hirdata                      irdata       000000
__Hmediumconst                 mediumconst  000000
__HnvFARRAM                    nvFARRAM     000000
__Hnvbit                       nvbit        000000
__Hnvrram                      nvrram       000000
__Hparam                       rparam       000000
__Hpowerup                     powerup      00000E
__Hram                         ram          000000
__Hramtop                      ramtop       000800
__Hrbit                        rbit         000000
__Hrbss                        rbss         000000
__Hrdata                       rdata        000000
__Hreset_vec                   reset_vec    000004
__Hrparam                      rparam       000000
__Hsfr                         sfr          000000
__Hsmallconst                  smallconst   000000
__Hspace_0                     (abs)        30000E
__Hspace_1                     (abs)        00007B
__Hspace_2                     (abs)        000000
__Hstack                       stack        000000
__Hstruct                      struct       000000
__Htemp                        temp         00005C
__Htext                        text         000000
__Htext0                       text0        000000
__Htext1                       text1        000000
__Htext10                      text10       000000
__Htext11                      text11       000000
__Htext12                      text12       000000
__Htext13                      text13       000000
__Htext14                      text14       000000
__Htext15                      text15       000000
__Htext16                      text16       000000
__Htext17                      text17       000000
__Htext2                       text2        000000
__Htext3                       text3        000000
__Htext4                       text4        000000
__Htext5                       text5        000000
__Htext6                       text6        000000
__Htext7                       text7        000000
__Htext8                       text8        000000
__Htext9                       text9        000000
__LRAM                         (abs)        000001
__Labs1                        abs1         000000
__Lbank0                       bank0        000000
__Lbank1                       bank1        000000
__Lbank2                       bank2        000000
__Lbank3                       bank3        000000
__Lbank4                       bank4        000000
__Lbank5                       bank5        000000
__Lbank6                       bank6        000000
__Lbank7                       bank7        000000
__Lbigbss                      bigbss       000000
__Lbigdata                     bigdata      000000
__Lbigram                      bigram       000000
__Lbss                         bss          000000
__LbssBANK0                    bssBANK0     000000
__LbssCOMRAM                   bssCOMRAM    000000
__Lcinit                       cinit        000000
__Lclrtext                     clrtext      000000
__Lcomram                      comram       000000
__Lconfig                      config       300000
__Lconst                       const        000000
__LcstackBANK0                 cstackBANK0  000000
__LcstackCOMRAM                cstackCOMRAM 000000
__Ldata                        data         000000
__LdataBANK0                   dataBANK0    000000
__Leeprom_data                 eeprom_data  000000
__Lfarbss                      farbss       000000
__Lfardata                     fardata      000000
__Libigdata                    ibigdata     000000
__Lidata                       idata        000000
__LidataBANK0                  idataBANK0   000000
__Lidloc                       idloc        200000
__Lifardata                    ifardata     000000
__Linit                        init         00000E
__Lintcode                     intcode      000008
__Lintcode_body                intcode_body 000000
__Lintcodelo                   intcodelo    00000E
__Lintentry                    intentry     000000
__Lintret                      intret       000000
__Lintsave_regs                intsave_regs 000000
__Lirdata                      irdata       000000
__Lmediumconst                 mediumconst  000000
__LnvFARRAM                    nvFARRAM     000000
__Lnvbit                       nvbit        000000
__Lnvrram                      nvrram       000000
__Lparam                       rparam       000000
__Lpowerup                     powerup      00000E
__Lram                         ram          000000
__Lramtop                      ramtop       000800
__Lrbit                        rbit         000000
__Lrbss                        rbss         000000
__Lrdata                       rdata        000000
__Lreset_vec                   reset_vec    000000
__Lrparam                      rparam       000000
__Lsfr                         sfr          000000
__Lsmallconst                  smallconst   000000
__Lspace_0                     (abs)        000000
__Lspace_1                     (abs)        000000
__Lspace_2                     (abs)        000000
__Lstack                       stack        000000
__Lstruct                      struct       000000
__Ltemp                        temp         00005B
__Ltext                        text         000000
__Ltext0                       text0        000000
__Ltext1                       text1        000000
__Ltext10                      text10       000000
__Ltext11                      text11       000000
__Ltext12                      text12       000000
__Ltext13                      text13       000000
__Ltext14                      text14       000000
__Ltext15                      text15       000000
__Ltext16                      text16       000000
__Ltext17                      text17       000000
__Ltext2                       text2        000000
__Ltext3                       text3        000000
__Ltext4                       text4        000000
__Ltext5                       text5        000000
__Ltext6                       text6        000000
__Ltext7                       text7        000000
__Ltext8                       text8        000000
__Ltext9                       text9        000000
__S0                           (abs)        30000E
__S1                           (abs)        00007B
__S2                           (abs)        000000
___awdiv                       text17       000B26
___awdiv@counter               cstackCOMRAM 000006
___awdiv@dividend              cstackCOMRAM 000002
___awdiv@divisor               cstackCOMRAM 000004
___awdiv@quotient              cstackCOMRAM 000008
___awdiv@sign                  cstackCOMRAM 000007
___awtoft                      text15       000E86
___awtoft@c                    cstackCOMRAM 00000A
___awtoft@sign                 cstackCOMRAM 00000D
___ftge                        text14       000C2C
___ftge@ff1                    cstackCOMRAM 00000E
___ftge@ff2                    cstackCOMRAM 000011
___ftmul                       text13       0007E6
___ftmul@cntr                  cstackCOMRAM 000017
___ftmul@exp                   cstackCOMRAM 000013
___ftmul@f1                    cstackCOMRAM 00000A
___ftmul@f2                    cstackCOMRAM 00000D
___ftmul@f3_as_product         cstackCOMRAM 000014
___ftmul@sign                  cstackCOMRAM 000018
___ftpack                      text16       000A78
___ftpack@arg                  cstackCOMRAM 000002
___ftpack@exp                  cstackCOMRAM 000005
___ftpack@sign                 cstackCOMRAM 000006
___fttol                       text10       0008DA
___fttol@exp1                  cstackCOMRAM 000010
___fttol@f1                    cstackCOMRAM 000002
___fttol@lval                  cstackCOMRAM 00000C
___fttol@sign1                 cstackCOMRAM 00000B
___inthi_sp                    stack        000000
___intlo_sp                    stack        000000
___lldiv                       text9        000BAA
___lldiv@counter               cstackCOMRAM 000029
___lldiv@dividend              cstackCOMRAM 00001D
___lldiv@divisor               cstackCOMRAM 000021
___lldiv@quotient              cstackCOMRAM 000025
___lmul                        text8        000D10
___lmul@multiplicand           cstackCOMRAM 000015
___lmul@multiplier             cstackCOMRAM 000011
___lmul@product                cstackCOMRAM 000019
___param_bank                  (abs)        000000
___rparam_used                 (abs)        000001
___sp                          stack        000000
__accesstop                    (abs)        000060
__activetblptr                 (abs)        000000
__end_of_Play_Alarm_Emergency  text5        00047A
__end_of_Play_Alarm_Gate       text4        000EE0
__end_of___awdiv               text17       000BAA
__end_of___awtoft              text15       000EBE
__end_of___ftge                text14       000CA0
__end_of___ftmul               text13       0008DA
__end_of___ftpack              text16       000B26
__end_of___fttol               text10       0009AC
__end_of___lldiv               text9        000C2C
__end_of___lmul                text8        000D66
__end_of__initialization       cinit        000E7C
__end_of_calc_PR2              text7        000692
__end_of_delay_ms              text12       000F02
__end_of_handle_INT0           text3        000E4E
__end_of_handle_INT1           text2        000D10
__end_of_handle_INT2           text1        000DB4
__end_of_isr                   intcode_body 000E02
__end_of_main                  text0        0007E6
__end_of_noTone                text11       000F0E
__end_of_tune                  text6        000A78
__initialization               cinit        000E4E
__mediumconst                  mediumconst  000000
__pbssBANK0                    bssBANK0     000060
__pbssCOMRAM                   bssCOMRAM    000059
__pcinit                       cinit        000E4E
__pcstackBANK0                 cstackBANK0  000074
__pcstackCOMRAM                cstackCOMRAM 000001
__pdataBANK0                   dataBANK0    000078
__pidataBANK0                  idataBANK0   000F0E
__pintcode                     intcode      000008
__pintcode_body                intcode_body 000DB4
__ptext0                       text0        000692
__ptext1                       text1        000D66
__ptext10                      text10       0008DA
__ptext11                      text11       000F02
__ptext12                      text12       000EE0
__ptext13                      text13       0007E6
__ptext14                      text14       000C2C
__ptext15                      text15       000E86
__ptext16                      text16       000A78
__ptext17                      text17       000B26
__ptext2                       text2        000CA0
__ptext3                       text3        000E02
__ptext4                       text4        000EBE
__ptext5                       text5        000012
__ptext6                       text6        0009AC
__ptext7                       text7        00047A
__ptext8                       text8        000D10
__ptext9                       text9        000BAA
__ramtop                       ramtop       000800
__size_of_Play_Alarm_Emergency (abs)        000000
__size_of_Play_Alarm_Gate      (abs)        000000
__size_of___awdiv              (abs)        000000
__size_of___awtoft             (abs)        000000
__size_of___ftge               (abs)        000000
__size_of___ftmul              (abs)        000000
__size_of___ftpack             (abs)        000000
__size_of___fttol              (abs)        000000
__size_of___lldiv              (abs)        000000
__size_of___lmul               (abs)        000000
__size_of_calc_PR2             (abs)        000000
__size_of_delay_ms             (abs)        000000
__size_of_handle_INT0          (abs)        000000
__size_of_handle_INT1          (abs)        000000
__size_of_handle_INT2          (abs)        000000
__size_of_isr                  (abs)        000000
__size_of_main                 (abs)        000000
__size_of_noTone               (abs)        000000
__size_of_tune                 (abs)        000000
__smallconst                   smallconst   000000
_alarm_gate_enable             bssBANK0     00006F
_calc_PR2                      text7        00047A
_delay_ms                      text12       000EE0
_delay_time                    bssBANK0     000063
_f_max                         bssBANK0     000068
_f_min                         bssBANK0     000066
_flag_INT0                     bssBANK0     000072
_flag_INT1                     bssBANK0     000071
_flag_INT2                     bssBANK0     000070
_gate_dinamic_state            bssCOMRAM    00005A
_gate_pattern                  dataBANK0    00007A
_gate_static_state             dataBANK0    000079
_handle_INT0                   text3        000E02
_handle_INT0$524               cstackCOMRAM 000002
_handle_INT1                   text2        000CA0
_handle_INT2                   text1        000D66
_handle_INT2$533               cstackCOMRAM 000002
_is_emergency                  bssCOMRAM    000059
_is_presence                   bssBANK0     00006E
_isr                           intcode      000008
_last_dinamic_state            dataBANK0    000078
_main                          text0        000692
_noTone                        text11       000F02
_rise_fall_time                bssBANK0     00006C
_step_size                     bssBANK0     000060
_steps                         bssBANK0     00006A
_stop_reason                   bssBANK0     000073
_tune                          text6        0009AC
btemp                          temp         00005B
calc_PR2@freq                  cstackCOMRAM 00002A
calc_PR2@pr2                   cstackCOMRAM 000034
calc_PR2@ps_val                cstackCOMRAM 00002D
calc_PR2@t2con_bits            cstackCOMRAM 00002E
delay_ms@milliseconds          cstackCOMRAM 000011
end_of_initialization          cinit        000E7C
int$flags                      temp         00005B
int_func                       intcode_body 000DB4
intlevel0                      text         000000
intlevel1                      text         000000
intlevel2                      text         000000
intlevel3                      text         000000
main@i                         cstackBANK0  000074
main@i_516                     cstackBANK0  000076
stackhi                        (abs)        0007FF
stacklo                        (abs)        00007B
start                          init         00000E
start_initialization           cinit        000E4E
ttemp5                         temp         00005C
ttemp6                         temp         00005F
ttemp7                         temp         000063
tune@channel                   cstackCOMRAM 00003D
tune@duty_10bit                cstackCOMRAM 000041
tune@freq                      cstackCOMRAM 000038
tune@pr2                       cstackCOMRAM 00003E
tune@ps_val                    cstackCOMRAM 00003F
tune@t2bits                    cstackCOMRAM 000040
wtemp8                         temp         00005C


FUNCTION INFORMATION:

 *************** function _main *****************
 Defined at:
		line 96 in file "main.c"
 Parameters:    Size  Location     Type
		None
 Auto vars:     Size  Location     Type
  i               2    2[BANK0 ] unsigned int 
  i               2    0[BANK0 ] unsigned int 
 Return value:  Size  Location     Type
                  1    wreg      void 
 Registers used:
		wreg, fsr2l, fsr2h, status,2, status,0, cstack
 Tracked objects:
		On entry : 
		On exit  : 
		Unchanged: 
 Data sizes:     COMRAM   BANK0   BANK1   BANK2   BANK3   BANK4   BANK5   BANK6   BANK7
      Params:         0       0       0       0       0       0       0       0       0
      Locals:         0       4       0       0       0       0       0       0       0
      Temps:          1       0       0       0       0       0       0       0       0
      Totals:         1       4       0       0       0       0       0       0       0
Total ram usage:        5 bytes
 Hardware stack levels required when called:    5
 This function calls:
		_Play_Alarm_Emergency
		_Play_Alarm_Gate
		_handle_INT0
		_handle_INT1
		_handle_INT2
 This function is called by:
		Startup code after reset
 This function uses a non-reentrant model


 *************** function _handle_INT2 *****************
 Defined at:
		line 256 in file "main.c"
 Parameters:    Size  Location     Type
		None
 Auto vars:     Size  Location     Type
		None
 Return value:  Size  Location     Type
                  1    wreg      void 
 Registers used:
		wreg, status,2, status,0
 Tracked objects:
		On entry : 
		On exit  : 
		Unchanged: 
 Data sizes:     COMRAM   BANK0   BANK1   BANK2   BANK3   BANK4   BANK5   BANK6   BANK7
      Params:         0       0       0       0       0       0       0       0       0
      Locals:         2       0       0       0       0       0       0       0       0
      Temps:          0       0       0       0       0       0       0       0       0
      Totals:         2       0       0       0       0       0       0       0       0
Total ram usage:        2 bytes
 Hardware stack levels used:    1
 Hardware stack levels required when called:    1
 This function calls:
		Nothing
 This function is called by:
		_main
 This function uses a non-reentrant model


 *************** function _handle_INT1 *****************
 Defined at:
		line 225 in file "main.c"
 Parameters:    Size  Location     Type
		None
 Auto vars:     Size  Location     Type
		None
 Return value:  Size  Location     Type
                  1    wreg      void 
 Registers used:
		wreg, status,2, status,0
 Tracked objects:
		On entry : 
		On exit  : 
		Unchanged: 
 Data sizes:     COMRAM   BANK0   BANK1   BANK2   BANK3   BANK4   BANK5   BANK6   BANK7
      Params:         0       0       0       0       0       0       0       0       0
      Locals:         0       0       0       0       0       0       0       0       0
      Temps:          1       0       0       0       0       0       0       0       0
      Totals:         1       0       0       0       0       0       0       0       0
Total ram usage:        1 bytes
 Hardware stack levels used:    1
 Hardware stack levels required when called:    1
 This function calls:
		Nothing
 This function is called by:
		_main
 This function uses a non-reentrant model


 *************** function _handle_INT0 *****************
 Defined at:
		line 197 in file "main.c"
 Parameters:    Size  Location     Type
		None
 Auto vars:     Size  Location     Type
		None
 Return value:  Size  Location     Type
                  1    wreg      void 
 Registers used:
		wreg, status,2, status,0
 Tracked objects:
		On entry : 
		On exit  : 
		Unchanged: 
 Data sizes:     COMRAM   BANK0   BANK1   BANK2   BANK3   BANK4   BANK5   BANK6   BANK7
      Params:         0       0       0       0       0       0       0       0       0
      Locals:         2       0       0       0       0       0       0       0       0
      Temps:          0       0       0       0       0       0       0       0       0
      Totals:         2       0       0       0       0       0       0       0       0
Total ram usage:        2 bytes
 Hardware stack levels used:    1
 Hardware stack levels required when called:    1
 This function calls:
		Nothing
 This function is called by:
		_main
 This function uses a non-reentrant model


 *************** function _Play_Alarm_Gate *****************
 Defined at:
		line 357 in file "main.c"
 Parameters:    Size  Location     Type
		None
 Auto vars:     Size  Location     Type
		None
 Return value:  Size  Location     Type
                  1    wreg      void 
 Registers used:
		wreg, fsr2l, fsr2h, status,2, status,0, cstack
 Tracked objects:
		On entry : 
		On exit  : 
		Unchanged: 
 Data sizes:     COMRAM   BANK0   BANK1   BANK2   BANK3   BANK4   BANK5   BANK6   BANK7
      Params:         0       0       0       0       0       0       0       0       0
      Locals:         0       0       0       0       0       0       0       0       0
      Temps:          0       0       0       0       0       0       0       0       0
      Totals:         0       0       0       0       0       0       0       0       0
Total ram usage:        0 bytes
 Hardware stack levels used:    1
 Hardware stack levels required when called:    4
 This function calls:
		_noTone
		_tune
 This function is called by:
		_main
 This function uses a non-reentrant model


 *************** function _Play_Alarm_Emergency *****************
 Defined at:
		line 365 in file "main.c"
 Parameters:    Size  Location     Type
		None
 Auto vars:     Size  Location     Type
  f               3   78[COMRAM] float 
  f               3   75[COMRAM] float 
  f               3   84[COMRAM] float 
  f               3   81[COMRAM] float 
  i               2   73[COMRAM] int 
  i               2   71[COMRAM] int 
  i               2   69[COMRAM] int 
  i               2   67[COMRAM] int 
 Return value:  Size  Location     Type
                  1    wreg      void 
 Registers used:
		wreg, fsr2l, fsr2h, status,2, status,0, cstack
 Tracked objects:
		On entry : 
		On exit  : 
		Unchanged: 
 Data sizes:     COMRAM   BANK0   BANK1   BANK2   BANK3   BANK4   BANK5   BANK6   BANK7
      Params:         0       0       0       0       0       0       0       0       0
      Locals:        20       0       0       0       0       0       0       0       0
      Temps:          1       0       0       0       0       0       0       0       0
      Totals:        21       0       0       0       0       0       0       0       0
Total ram usage:       21 bytes
 Hardware stack levels used:    1
 Hardware stack levels required when called:    4
 This function calls:
		___awdiv
		___awtoft
		___ftge
		___ftmul
		___fttol
		_delay_ms
		_noTone
		_tune
 This function is called by:
		_main
 This function uses a non-reentrant model


 *************** function _tune *****************
 Defined at:
		line 306 in file "main.c"
 Parameters:    Size  Location     Type
  channel         1    wreg     unsigned char 
  freq            3   55[COMRAM] float 
 Auto vars:     Size  Location     Type
  channel         1   60[COMRAM] unsigned char 
  duty_10bit      2   64[COMRAM] unsigned int 
  t2bits          1   63[COMRAM] unsigned char 
  ps_val          1   62[COMRAM] unsigned char 
  pr2             1   61[COMRAM] unsigned char 
 Return value:  Size  Location     Type
                  1    wreg      void 
 Registers used:
		wreg, fsr2l, fsr2h, status,2, status,0, cstack
 Tracked objects:
		On entry : 
		On exit  : 
		Unchanged: 
 Data sizes:     COMRAM   BANK0   BANK1   BANK2   BANK3   BANK4   BANK5   BANK6   BANK7
      Params:         3       0       0       0       0       0       0       0       0
      Locals:         6       0       0       0       0       0       0       0       0
      Temps:          2       0       0       0       0       0       0       0       0
      Totals:        11       0       0       0       0       0       0       0       0
Total ram usage:       11 bytes
 Hardware stack levels used:    1
 Hardware stack levels required when called:    3
 This function calls:
		_calc_PR2
 This function is called by:
		_Play_Alarm_Gate
		_Play_Alarm_Emergency
 This function uses a non-reentrant model


 *************** function _calc_PR2 *****************
 Defined at:
		line 284 in file "main.c"
 Parameters:    Size  Location     Type
  freq            3   41[COMRAM] float 
  ps_val          1   44[COMRAM] PTR unsigned char 
		 -> tune@ps_val(1), 
  t2con_bits      1   45[COMRAM] PTR unsigned char 
		 -> tune@t2bits(1), 
 Auto vars:     Size  Location     Type
  pr2             4   51[COMRAM] unsigned long 
 Return value:  Size  Location     Type
                  1    wreg      unsigned char 
 Registers used:
		wreg, fsr2l, fsr2h, status,2, status,0, cstack
 Tracked objects:
		On entry : 
		On exit  : 
		Unchanged: 
 Data sizes:     COMRAM   BANK0   BANK1   BANK2   BANK3   BANK4   BANK5   BANK6   BANK7
      Params:         5       0       0       0       0       0       0       0       0
      Locals:         4       0       0       0       0       0       0       0       0
      Temps:          5       0       0       0       0       0       0       0       0
      Totals:        14       0       0       0       0       0       0       0       0
Total ram usage:       14 bytes
 Hardware stack levels used:    1
 Hardware stack levels required when called:    2
 This function calls:
		___fttol
		___lldiv
		___lmul
 This function is called by:
		_tune
 This function uses a non-reentrant model


 *************** function ___lmul *****************
 Defined at:
		line 15 in file "C:\Program Files (x86)\Microchip\xc8\v2.10\pic\sources\c90\common\Umul32.c"
 Parameters:    Size  Location     Type
  multiplier      4   16[COMRAM] unsigned long 
  multiplicand    4   20[COMRAM] unsigned long 
 Auto vars:     Size  Location     Type
  product         4   24[COMRAM] unsigned long 
 Return value:  Size  Location     Type
                  4   16[COMRAM] unsigned long 
 Registers used:
		wreg, status,2, status,0
 Tracked objects:
		On entry : 
		On exit  : 
		Unchanged: 
 Data sizes:     COMRAM   BANK0   BANK1   BANK2   BANK3   BANK4   BANK5   BANK6   BANK7
      Params:         8       0       0       0       0       0       0       0       0
      Locals:         4       0       0       0       0       0       0       0       0
      Temps:          0       0       0       0       0       0       0       0       0
      Totals:        12       0       0       0       0       0       0       0       0
Total ram usage:       12 bytes
 Hardware stack levels used:    1
 Hardware stack levels required when called:    1
 This function calls:
		Nothing
 This function is called by:
		_calc_PR2
 This function uses a non-reentrant model


 *************** function ___lldiv *****************
 Defined at:
		line 7 in file "C:\Program Files (x86)\Microchip\xc8\v2.10\pic\sources\c90\common\__lldiv.c"
 Parameters:    Size  Location     Type
  dividend        4   28[COMRAM] unsigned long 
  divisor         4   32[COMRAM] unsigned long 
 Auto vars:     Size  Location     Type
  quotient        4   36[COMRAM] unsigned long 
  counter         1   40[COMRAM] unsigned char 
 Return value:  Size  Location     Type
                  4   28[COMRAM] unsigned long 
 Registers used:
		wreg, status,2, status,0
 Tracked objects:
		On entry : 
		On exit  : 
		Unchanged: 
 Data sizes:     COMRAM   BANK0   BANK1   BANK2   BANK3   BANK4   BANK5   BANK6   BANK7
      Params:         8       0       0       0       0       0       0       0       0
      Locals:         5       0       0       0       0       0       0       0       0
      Temps:          0       0       0       0       0       0       0       0       0
      Totals:        13       0       0       0       0       0       0       0       0
Total ram usage:       13 bytes
 Hardware stack levels used:    1
 Hardware stack levels required when called:    1
 This function calls:
		Nothing
 This function is called by:
		_calc_PR2
 This function uses a non-reentrant model


 *************** function ___fttol *****************
 Defined at:
		line 44 in file "C:\Program Files (x86)\Microchip\xc8\v2.10\pic\sources\c90\common\fttol.c"
 Parameters:    Size  Location     Type
  f1              3    1[COMRAM] float 
 Auto vars:     Size  Location     Type
  lval            4   11[COMRAM] unsigned long 
  exp1            1   15[COMRAM] unsigned char 
  sign1           1   10[COMRAM] unsigned char 
 Return value:  Size  Location     Type
                  4    1[COMRAM] long 
 Registers used:
		wreg, status,2, status,0
 Tracked objects:
		On entry : 
		On exit  : 
		Unchanged: 
 Data sizes:     COMRAM   BANK0   BANK1   BANK2   BANK3   BANK4   BANK5   BANK6   BANK7
      Params:         4       0       0       0       0       0       0       0       0
      Locals:         6       0       0       0       0       0       0       0       0
      Temps:          5       0       0       0       0       0       0       0       0
      Totals:        15       0       0       0       0       0       0       0       0
Total ram usage:       15 bytes
 Hardware stack levels used:    1
 Hardware stack levels required when called:    1
 This function calls:
		Nothing
 This function is called by:
		_calc_PR2
		_Play_Alarm_Emergency
 This function uses a non-reentrant model


 *************** function _noTone *****************
 Defined at:
		line 341 in file "main.c"
 Parameters:    Size  Location     Type
		None
 Auto vars:     Size  Location     Type
		None
 Return value:  Size  Location     Type
                  1    wreg      void 
 Registers used:
		wreg, status,2
 Tracked objects:
		On entry : 
		On exit  : 
		Unchanged: 
 Data sizes:     COMRAM   BANK0   BANK1   BANK2   BANK3   BANK4   BANK5   BANK6   BANK7
      Params:         0       0       0       0       0       0       0       0       0
      Locals:         0       0       0       0       0       0       0       0       0
      Temps:          0       0       0       0       0       0       0       0       0
      Totals:         0       0       0       0       0       0       0       0       0
Total ram usage:        0 bytes
 Hardware stack levels used:    1
 Hardware stack levels required when called:    1
 This function calls:
		Nothing
 This function is called by:
		_Play_Alarm_Gate
		_Play_Alarm_Emergency
 This function uses a non-reentrant model


 *************** function _delay_ms *****************
 Defined at:
		line 348 in file "main.c"
 Parameters:    Size  Location     Type
  milliseconds    2   16[COMRAM] unsigned int 
 Auto vars:     Size  Location     Type
		None
 Return value:  Size  Location     Type
                  1    wreg      void 
 Registers used:
		wreg, status,2, status,0
 Tracked objects:
		On entry : 
		On exit  : 
		Unchanged: 
 Data sizes:     COMRAM   BANK0   BANK1   BANK2   BANK3   BANK4   BANK5   BANK6   BANK7
      Params:         2       0       0       0       0       0       0       0       0
      Locals:         0       0       0       0       0       0       0       0       0
      Temps:          1       0       0       0       0       0       0       0       0
      Totals:         3       0       0       0       0       0       0       0       0
Total ram usage:        3 bytes
 Hardware stack levels used:    1
 Hardware stack levels required when called:    1
 This function calls:
		Nothing
 This function is called by:
		_Play_Alarm_Emergency
 This function uses a non-reentrant model


 *************** function ___ftmul *****************
 Defined at:
		line 62 in file "C:\Program Files (x86)\Microchip\xc8\v2.10\pic\sources\c90\common\ftmul.c"
 Parameters:    Size  Location     Type
  f1              3    9[COMRAM] float 
  f2              3   12[COMRAM] float 
 Auto vars:     Size  Location     Type
  f3_as_produc    3   19[COMRAM] unsigned um
  sign            1   23[COMRAM] unsigned char 
  cntr            1   22[COMRAM] unsigned char 
  exp             1   18[COMRAM] unsigned char 
 Return value:  Size  Location     Type
                  3    9[COMRAM] float 
 Registers used:
		wreg, status,2, status,0, cstack
 Tracked objects:
		On entry : 
		On exit  : 
		Unchanged: 
 Data sizes:     COMRAM   BANK0   BANK1   BANK2   BANK3   BANK4   BANK5   BANK6   BANK7
      Params:         6       0       0       0       0       0       0       0       0
      Locals:         6       0       0       0       0       0       0       0       0
      Temps:          3       0       0       0       0       0       0       0       0
      Totals:        15       0       0       0       0       0       0       0       0
Total ram usage:       15 bytes
 Hardware stack levels used:    1
 Hardware stack levels required when called:    2
 This function calls:
		___ftpack
 This function is called by:
		_Play_Alarm_Emergency
 This function uses a non-reentrant model


 *************** function ___ftge *****************
 Defined at:
		line 4 in file "C:\Program Files (x86)\Microchip\xc8\v2.10\pic\sources\c90\common\ftge.c"
 Parameters:    Size  Location     Type
  ff1             3   13[COMRAM] float 
  ff2             3   16[COMRAM] float 
 Auto vars:     Size  Location     Type
		None
 Return value:  Size  Location     Type
		None               void
 Registers used:
		wreg, status,2, status,0
 Tracked objects:
		On entry : 
		On exit  : 
		Unchanged: 
 Data sizes:     COMRAM   BANK0   BANK1   BANK2   BANK3   BANK4   BANK5   BANK6   BANK7
      Params:         6       0       0       0       0       0       0       0       0
      Locals:         0       0       0       0       0       0       0       0       0
      Temps:          3       0       0       0       0       0       0       0       0
      Totals:         9       0       0       0       0       0       0       0       0
Total ram usage:        9 bytes
 Hardware stack levels used:    1
 Hardware stack levels required when called:    1
 This function calls:
		Nothing
 This function is called by:
		_Play_Alarm_Emergency
 This function uses a non-reentrant model


 *************** function ___awtoft *****************
 Defined at:
		line 32 in file "C:\Program Files (x86)\Microchip\xc8\v2.10\pic\sources\c90\common\awtoft.c"
 Parameters:    Size  Location     Type
  c               2    9[COMRAM] int 
 Auto vars:     Size  Location     Type
  sign            1   12[COMRAM] unsigned char 
 Return value:  Size  Location     Type
                  3    9[COMRAM] float 
 Registers used:
		wreg, status,2, status,0, cstack
 Tracked objects:
		On entry : 
		On exit  : 
		Unchanged: 
 Data sizes:     COMRAM   BANK0   BANK1   BANK2   BANK3   BANK4   BANK5   BANK6   BANK7
      Params:         3       0       0       0       0       0       0       0       0
      Locals:         1       0       0       0       0       0       0       0       0
      Temps:          0       0       0       0       0       0       0       0       0
      Totals:         4       0       0       0       0       0       0       0       0
Total ram usage:        4 bytes
 Hardware stack levels used:    1
 Hardware stack levels required when called:    2
 This function calls:
		___ftpack
 This function is called by:
		_Play_Alarm_Emergency
 This function uses a non-reentrant model


 *************** function ___ftpack *****************
 Defined at:
		line 62 in file "C:\Program Files (x86)\Microchip\xc8\v2.10\pic\sources\c90\common\float.c"
 Parameters:    Size  Location     Type
  arg             3    1[COMRAM] unsigned um
  exp             1    4[COMRAM] unsigned char 
  sign            1    5[COMRAM] unsigned char 
 Auto vars:     Size  Location     Type
		None
 Return value:  Size  Location     Type
                  3    1[COMRAM] float 
 Registers used:
		wreg, status,2, status,0
 Tracked objects:
		On entry : 
		On exit  : 
		Unchanged: 
 Data sizes:     COMRAM   BANK0   BANK1   BANK2   BANK3   BANK4   BANK5   BANK6   BANK7
      Params:         5       0       0       0       0       0       0       0       0
      Locals:         0       0       0       0       0       0       0       0       0
      Temps:          3       0       0       0       0       0       0       0       0
      Totals:         8       0       0       0       0       0       0       0       0
Total ram usage:        8 bytes
 Hardware stack levels used:    1
 Hardware stack levels required when called:    1
 This function calls:
		Nothing
 This function is called by:
		___awtoft
		___ftmul
 This function uses a non-reentrant model


 *************** function ___awdiv *****************
 Defined at:
		line 7 in file "C:\Program Files (x86)\Microchip\xc8\v2.10\pic\sources\c90\common\awdiv.c"
 Parameters:    Size  Location     Type
  dividend        2    1[COMRAM] int 
  divisor         2    3[COMRAM] int 
 Auto vars:     Size  Location     Type
  quotient        2    7[COMRAM] int 
  sign            1    6[COMRAM] unsigned char 
  counter         1    5[COMRAM] unsigned char 
 Return value:  Size  Location     Type
                  2    1[COMRAM] int 
 Registers used:
		wreg, status,2, status,0
 Tracked objects:
		On entry : 
		On exit  : 
		Unchanged: 
 Data sizes:     COMRAM   BANK0   BANK1   BANK2   BANK3   BANK4   BANK5   BANK6   BANK7
      Params:         4       0       0       0       0       0       0       0       0
      Locals:         4       0       0       0       0       0       0       0       0
      Temps:          0       0       0       0       0       0       0       0       0
      Totals:         8       0       0       0       0       0       0       0       0
Total ram usage:        8 bytes
 Hardware stack levels used:    1
 Hardware stack levels required when called:    1
 This function calls:
		Nothing
 This function is called by:
		_Play_Alarm_Emergency
 This function uses a non-reentrant model


 *************** function _isr *****************
 Defined at:
		line 67 in file "main.c"
 Parameters:    Size  Location     Type
		None
 Auto vars:     Size  Location     Type
		None
 Return value:  Size  Location     Type
                  1    wreg      void 
 Registers used:
		wreg, status,2, status,0
 Tracked objects:
		On entry : 
		On exit  : 
		Unchanged: 
 Data sizes:     COMRAM   BANK0   BANK1   BANK2   BANK3   BANK4   BANK5   BANK6   BANK7
      Params:         0       0       0       0       0       0       0       0       0
      Locals:         0       0       0       0       0       0       0       0       0
      Temps:          1       0       0       0       0       0       0       0       0
      Totals:         1       0       0       0       0       0       0       0       0
Total ram usage:        1 bytes
 Hardware stack levels used:    1
 This function calls:
		Nothing
 This function is called by:
		Interrupt level 2
 This function uses a non-reentrant model



MODULE INFORMATION

Module		Function		Class		Link	Load	Size
C:\Program Files (x86)\Microchip\xc8\v2.10\pic\sources\c90\common\awdiv.c
		___awdiv       		CODE           	0B26	0000	133

C:\Program Files (x86)\Microchip\xc8\v2.10\pic\sources\c90\common\awdiv.c estimated size: 133

C:\Program Files (x86)\Microchip\xc8\v2.10\pic\sources\c90\common\fttol.c
		___fttol       		CODE           	08DA	0000	211

C:\Program Files (x86)\Microchip\xc8\v2.10\pic\sources\c90\common\fttol.c estimated size: 211

C:\Program Files (x86)\Microchip\xc8\v2.10\pic\sources\c90\common\__lldiv.c
		___lldiv       		CODE           	0BAA	0000	131

C:\Program Files (x86)\Microchip\xc8\v2.10\pic\sources\c90\common\__lldiv.c estimated size: 131

C:\Program Files (x86)\Microchip\xc8\v2.10\pic\sources\c90\common\Umul32.c
		___lmul        		CODE           	0D10	0000	87

C:\Program Files (x86)\Microchip\xc8\v2.10\pic\sources\c90\common\Umul32.c estimated size: 87

shared
		__initialization		CODE           	0E4E	0000	47

shared estimated size: 47

C:\Program Files (x86)\Microchip\xc8\v2.10\pic\sources\c90\common\float.c
		___ftpack      		CODE           	0A78	0000	175

C:\Program Files (x86)\Microchip\xc8\v2.10\pic\sources\c90\common\float.c estimated size: 175

C:\Program Files (x86)\Microchip\xc8\v2.10\pic\sources\c90\common\awtoft.c
		___awtoft      		CODE           	0E86	0000	57

C:\Program Files (x86)\Microchip\xc8\v2.10\pic\sources\c90\common\awtoft.c estimated size: 57

C:\Program Files (x86)\Microchip\xc8\v2.10\pic\sources\c90\common\ftge.c
		___ftge        		CODE           	0C2C	0000	117

C:\Program Files (x86)\Microchip\xc8\v2.10\pic\sources\c90\common\ftge.c estimated size: 117

main.c
		_Play_Alarm_Emergency		CODE           	0012	0000	1129
		_tune          		CODE           	09AC	0000	205
		_handle_INT0   		CODE           	0E02	0000	77
		_handle_INT1   		CODE           	0CA0	0000	113
		_handle_INT2   		CODE           	0D66	0000	79
		_main          		CODE           	0692	0000	341
		_Play_Alarm_Gate		CODE           	0EBE	0000	35
		_noTone        		CODE           	0F02	0000	13
		_isr           		CODE           	0008	0000	85
		_calc_PR2      		CODE           	047A	0000	537
		_delay_ms      		CODE           	0EE0	0000	35

main.c estimated size: 2649

C:\Program Files (x86)\Microchip\xc8\v2.10\pic\sources\c90\common\ftmul.c
		___ftmul       		CODE           	07E6	0000	245

C:\Program Files (x86)\Microchip\xc8\v2.10\pic\sources\c90\common\ftmul.c estimated size: 245

