MPLINK 5.02, LINKER
Linker Map File - Created Fri Oct 03 17:58:50 2025

                                 Section Info
                  Section       Type    Address   Location Size(Bytes)
                ---------  ---------  ---------  ---------  ---------
                   .org_0       code   0x000000    program   0x000002
                   .cinit    romdata   0x000002    program   0x000002
                   .org_1       code   0x000020    program   0x00004c
.config_300000_BUILD/DEFAULT/DEBUG/EX02.O    romdata   0x300000    program   0x000001
.config_300001_BUILD/DEFAULT/DEBUG/EX02.O    romdata   0x300001    program   0x000001
.config_300002_BUILD/DEFAULT/DEBUG/EX02.O    romdata   0x300002    program   0x000001
.config_300003_BUILD/DEFAULT/DEBUG/EX02.O    romdata   0x300003    program   0x000001
.config_300005_BUILD/DEFAULT/DEBUG/EX02.O    romdata   0x300005    program   0x000001
.config_300006_BUILD/DEFAULT/DEBUG/EX02.O    romdata   0x300006    program   0x000001



                              Program Memory Usage 
                               Start         End      
                           ---------   ---------      
                            0x000000    0x000003      
                            0x000020    0x00006b      
                            0x300000    0x300003      
                            0x300005    0x300006      
            86 out of 33048 program addresses used, program memory utilization is 0%



                              Symbols - Sorted by Name
                     Name    Address   Location    Storage File                     
                ---------  ---------  ---------  --------- ---------                
               condition1   0x000054    program     static C:\Users\chris\Documents\LABSISMIC\PRATICA_3.X\ex02.asm
               execution1   0x000048    program     static C:\Users\chris\Documents\LABSISMIC\PRATICA_3.X\ex02.asm
               execution2   0x000052    program     static C:\Users\chris\Documents\LABSISMIC\PRATICA_3.X\ex02.asm
               execution3   0x00005e    program     static C:\Users\chris\Documents\LABSISMIC\PRATICA_3.X\ex02.asm
                     init   0x000042    program     static C:\Users\chris\Documents\LABSISMIC\PRATICA_3.X\ex02.asm
                      out   0x00006a    program     static C:\Users\chris\Documents\LABSISMIC\PRATICA_3.X\ex02.asm
                    start   0x000020    program     static C:\Users\chris\Documents\LABSISMIC\PRATICA_3.X\ex02.asm



                              Symbols - Sorted by Address
                     Name    Address   Location    Storage File                     
                ---------  ---------  ---------  --------- ---------                
                    start   0x000020    program     static C:\Users\chris\Documents\LABSISMIC\PRATICA_3.X\ex02.asm
                     init   0x000042    program     static C:\Users\chris\Documents\LABSISMIC\PRATICA_3.X\ex02.asm
               execution1   0x000048    program     static C:\Users\chris\Documents\LABSISMIC\PRATICA_3.X\ex02.asm
               execution2   0x000052    program     static C:\Users\chris\Documents\LABSISMIC\PRATICA_3.X\ex02.asm
               condition1   0x000054    program     static C:\Users\chris\Documents\LABSISMIC\PRATICA_3.X\ex02.asm
               execution3   0x00005e    program     static C:\Users\chris\Documents\LABSISMIC\PRATICA_3.X\ex02.asm
                      out   0x00006a    program     static C:\Users\chris\Documents\LABSISMIC\PRATICA_3.X\ex02.asm


