MPLINK 5.02, LINKER
Linker Map File - Created Tue Oct 07 12:24:40 2025

                                 Section Info
                  Section       Type    Address   Location Size(Bytes)
                ---------  ---------  ---------  ---------  ---------
                   .org_0       code   0x000000    program   0x000002
                   .cinit    romdata   0x000002    program   0x000002
                   .org_1       code   0x000020    program   0x00004a
.config_300000_BUILD/DEFAULT/DEBUG/EX01.1.O    romdata   0x300000    program   0x000001
.config_300001_BUILD/DEFAULT/DEBUG/EX01.1.O    romdata   0x300001    program   0x000001
.config_300002_BUILD/DEFAULT/DEBUG/EX01.1.O    romdata   0x300002    program   0x000001
.config_300003_BUILD/DEFAULT/DEBUG/EX01.1.O    romdata   0x300003    program   0x000001
.config_300005_BUILD/DEFAULT/DEBUG/EX01.1.O    romdata   0x300005    program   0x000001
.config_300006_BUILD/DEFAULT/DEBUG/EX01.1.O    romdata   0x300006    program   0x000001



                              Program Memory Usage 
                               Start         End      
                           ---------   ---------      
                            0x000000    0x000003      
                            0x000020    0x000069      
                            0x300000    0x300003      
                            0x300005    0x300006      
            84 out of 33048 program addresses used, program memory utilization is 0%



                              Symbols - Sorted by Name
                     Name    Address   Location    Storage File                     
                ---------  ---------  ---------  --------- ---------                
                 end_step   0x00004a    program     static C:\Users\chris\Documents\LABSISMIC\PRATICA_4.X\ex01.1.asm
                 mul_loop   0x00004e    program     static C:\Users\chris\Documents\LABSISMIC\PRATICA_4.X\ex01.1.asm
                next_step   0x000042    program     static C:\Users\chris\Documents\LABSISMIC\PRATICA_4.X\ex01.1.asm
                      out   0x000068    program     static C:\Users\chris\Documents\LABSISMIC\PRATICA_4.X\ex01.1.asm
                    shift   0x000056    program     static C:\Users\chris\Documents\LABSISMIC\PRATICA_4.X\ex01.1.asm
                    start   0x000020    program     static C:\Users\chris\Documents\LABSISMIC\PRATICA_4.X\ex01.1.asm



                              Symbols - Sorted by Address
                     Name    Address   Location    Storage File                     
                ---------  ---------  ---------  --------- ---------                
                    start   0x000020    program     static C:\Users\chris\Documents\LABSISMIC\PRATICA_4.X\ex01.1.asm
                next_step   0x000042    program     static C:\Users\chris\Documents\LABSISMIC\PRATICA_4.X\ex01.1.asm
                 end_step   0x00004a    program     static C:\Users\chris\Documents\LABSISMIC\PRATICA_4.X\ex01.1.asm
                 mul_loop   0x00004e    program     static C:\Users\chris\Documents\LABSISMIC\PRATICA_4.X\ex01.1.asm
                    shift   0x000056    program     static C:\Users\chris\Documents\LABSISMIC\PRATICA_4.X\ex01.1.asm
                      out   0x000068    program     static C:\Users\chris\Documents\LABSISMIC\PRATICA_4.X\ex01.1.asm


