MPLINK 5.02, LINKER
Linker Map File - Created Tue Oct 07 01:45:31 2025

                                 Section Info
                  Section       Type    Address   Location Size(Bytes)
                ---------  ---------  ---------  ---------  ---------
                   .org_0       code   0x000000    program   0x000002
                   .cinit    romdata   0x000002    program   0x000002
                   .org_1       code   0x000020    program   0x00007c
.config_300000_BUILD/DEFAULT/PRODUCTION/EX04.O    romdata   0x300000    program   0x000001
.config_300001_BUILD/DEFAULT/PRODUCTION/EX04.O    romdata   0x300001    program   0x000001
.config_300002_BUILD/DEFAULT/PRODUCTION/EX04.O    romdata   0x300002    program   0x000001
.config_300003_BUILD/DEFAULT/PRODUCTION/EX04.O    romdata   0x300003    program   0x000001
.config_300005_BUILD/DEFAULT/PRODUCTION/EX04.O    romdata   0x300005    program   0x000001
.config_300006_BUILD/DEFAULT/PRODUCTION/EX04.O    romdata   0x300006    program   0x000001



                              Program Memory Usage 
                               Start         End      
                           ---------   ---------      
                            0x000000    0x000003      
                            0x000020    0x00009b      
                            0x300000    0x300003      
                            0x300005    0x300006      
            134 out of 33048 program addresses used, program memory utilization is 0%



                              Symbols - Sorted by Name
                     Name    Address   Location    Storage File                     
                ---------  ---------  ---------  --------- ---------                
               a_positive   0x00006a    program     static C:\Users\chris\Documents\LABSISMIC\PRATICA_4.X\ex04.asm
                 div_loop   0x000058    program     static C:\Users\chris\Documents\LABSISMIC\PRATICA_4.X\ex04.asm
                     done   0x00009a    program     static C:\Users\chris\Documents\LABSISMIC\PRATICA_4.X\ex04.asm
                  fa_done   0x00003e    program     static C:\Users\chris\Documents\LABSISMIC\PRATICA_4.X\ex04.asm
              fa_positive   0x00003e    program     static C:\Users\chris\Documents\LABSISMIC\PRATICA_4.X\ex04.asm
                  fb_done   0x00004e    program     static C:\Users\chris\Documents\LABSISMIC\PRATICA_4.X\ex04.asm
              fb_positive   0x00004e    program     static C:\Users\chris\Documents\LABSISMIC\PRATICA_4.X\ex04.asm
              post_adjust   0x000086    program     static C:\Users\chris\Documents\LABSISMIC\PRATICA_4.X\ex04.asm
                 set_qbit   0x00006e    program     static C:\Users\chris\Documents\LABSISMIC\PRATICA_4.X\ex04.asm
               skip_q_neg   0x000090    program     static C:\Users\chris\Documents\LABSISMIC\PRATICA_4.X\ex04.asm
                    start   0x000020    program     static C:\Users\chris\Documents\LABSISMIC\PRATICA_4.X\ex04.asm



                              Symbols - Sorted by Address
                     Name    Address   Location    Storage File                     
                ---------  ---------  ---------  --------- ---------                
                    start   0x000020    program     static C:\Users\chris\Documents\LABSISMIC\PRATICA_4.X\ex04.asm
                  fa_done   0x00003e    program     static C:\Users\chris\Documents\LABSISMIC\PRATICA_4.X\ex04.asm
              fa_positive   0x00003e    program     static C:\Users\chris\Documents\LABSISMIC\PRATICA_4.X\ex04.asm
                  fb_done   0x00004e    program     static C:\Users\chris\Documents\LABSISMIC\PRATICA_4.X\ex04.asm
              fb_positive   0x00004e    program     static C:\Users\chris\Documents\LABSISMIC\PRATICA_4.X\ex04.asm
                 div_loop   0x000058    program     static C:\Users\chris\Documents\LABSISMIC\PRATICA_4.X\ex04.asm
               a_positive   0x00006a    program     static C:\Users\chris\Documents\LABSISMIC\PRATICA_4.X\ex04.asm
                 set_qbit   0x00006e    program     static C:\Users\chris\Documents\LABSISMIC\PRATICA_4.X\ex04.asm
              post_adjust   0x000086    program     static C:\Users\chris\Documents\LABSISMIC\PRATICA_4.X\ex04.asm
               skip_q_neg   0x000090    program     static C:\Users\chris\Documents\LABSISMIC\PRATICA_4.X\ex04.asm
                     done   0x00009a    program     static C:\Users\chris\Documents\LABSISMIC\PRATICA_4.X\ex04.asm


